// Jest Snapshot v1, https://goo.gl/fbAQLP

exports[`<ArticleLoader/> component renders <ArticleLoader/> component without crashing 1`] = `
ShallowWrapper {
  Symbol(enzyme.__root__): [Circular],
  Symbol(enzyme.__unrendered__): <_default />,
  Symbol(enzyme.__renderer__): Object {
    "batchedUpdates": [Function],
    "getNode": [Function],
    "render": [Function],
    "simulateError": [Function],
    "simulateEvent": [Function],
    "unmount": [Function],
  },
  Symbol(enzyme.__node__): Object {
    "instance": null,
    "key": undefined,
    "nodeType": "function",
    "props": Object {
      "children": Array [
        <rect
          height="120"
          rx="0"
          ry="0"
          width="190"
          x="196.03"
          y="33.61"
        />,
        <rect
          height="11"
          rx="0"
          ry="0"
          width="163"
          x="7.03"
          y="36.61"
        />,
        <rect
          height="11"
          rx="0"
          ry="0"
          width="160"
          x="9.03"
          y="54.61"
        />,
        <rect
          height="6"
          rx="0"
          ry="0"
          width="72"
          x="9.03"
          y="76.61"
        />,
        <circle
          cx="22.82"
          cy="110.4"
          r="13.79"
        />,
        <rect
          height="4"
          rx="0"
          ry="0"
          width="31"
          x="43.03"
          y="100.61"
        />,
        <rect
          height="4"
          rx="0"
          ry="0"
          width="21"
          x="44.03"
          y="107.61"
        />,
        <rect
          height="19.46"
          rx="0"
          ry="0"
          width="20.85"
          x="15.03"
          y="137.61"
        />,
        <rect
          height="17"
          rx="0"
          ry="0"
          width="63"
          x="46.03"
          y="139.61"
        />,
        <rect
          height="8"
          rx="0"
          ry="0"
          width="357"
          x="26.03"
          y="194.61"
        />,
        <rect
          height="7"
          rx="0"
          ry="0"
          width="356"
          x="26.03"
          y="212.61"
        />,
        <rect
          height="8"
          rx="0"
          ry="0"
          width="356"
          x="27.03"
          y="231.61"
        />,
        <rect
          height="109"
          rx="0"
          ry="0"
          width="356"
          x="26.03"
          y="257.61"
        />,
        <rect
          height="4"
          rx="0"
          ry="0"
          width="348"
          x="28.03"
          y="379.61"
        />,
        <rect
          height="7"
          rx="0"
          ry="0"
          width="351"
          x="27.03"
          y="395.61"
        />,
        <rect
          height="6"
          rx="0"
          ry="0"
          width="349"
          x="28.03"
          y="415.61"
        />,
        <rect
          height="6"
          rx="0"
          ry="0"
          width="348"
          x="27.03"
          y="435.61"
        />,
        <rect
          height="6"
          rx="0"
          ry="0"
          width="349"
          x="27.03"
          y="455.61"
        />,
        <rect
          height="6"
          rx="0"
          ry="0"
          width="347"
          x="27.03"
          y="476.61"
        />,
      ],
      "height": 500,
      "primaryColor": "#cccccc",
      "rtl": true,
      "secondaryColor": "#ecebeb",
      "speed": 3,
      "width": 400,
    },
    "ref": null,
    "rendered": Array [
      Object {
        "instance": null,
        "key": undefined,
        "nodeType": "host",
        "props": Object {
          "height": "120",
          "rx": "0",
          "ry": "0",
          "width": "190",
          "x": "196.03",
          "y": "33.61",
        },
        "ref": null,
        "rendered": null,
        "type": "rect",
      },
      Object {
        "instance": null,
        "key": undefined,
        "nodeType": "host",
        "props": Object {
          "height": "11",
          "rx": "0",
          "ry": "0",
          "width": "163",
          "x": "7.03",
          "y": "36.61",
        },
        "ref": null,
        "rendered": null,
        "type": "rect",
      },
      Object {
        "instance": null,
        "key": undefined,
        "nodeType": "host",
        "props": Object {
          "height": "11",
          "rx": "0",
          "ry": "0",
          "width": "160",
          "x": "9.03",
          "y": "54.61",
        },
        "ref": null,
        "rendered": null,
        "type": "rect",
      },
      Object {
        "instance": null,
        "key": undefined,
        "nodeType": "host",
        "props": Object {
          "height": "6",
          "rx": "0",
          "ry": "0",
          "width": "72",
          "x": "9.03",
          "y": "76.61",
        },
        "ref": null,
        "rendered": null,
        "type": "rect",
      },
      Object {
        "instance": null,
        "key": undefined,
        "nodeType": "host",
        "props": Object {
          "cx": "22.82",
          "cy": "110.4",
          "r": "13.79",
        },
        "ref": null,
        "rendered": null,
        "type": "circle",
      },
      Object {
        "instance": null,
        "key": undefined,
        "nodeType": "host",
        "props": Object {
          "height": "4",
          "rx": "0",
          "ry": "0",
          "width": "31",
          "x": "43.03",
          "y": "100.61",
        },
        "ref": null,
        "rendered": null,
        "type": "rect",
      },
      Object {
        "instance": null,
        "key": undefined,
        "nodeType": "host",
        "props": Object {
          "height": "4",
          "rx": "0",
          "ry": "0",
          "width": "21",
          "x": "44.03",
          "y": "107.61",
        },
        "ref": null,
        "rendered": null,
        "type": "rect",
      },
      Object {
        "instance": null,
        "key": undefined,
        "nodeType": "host",
        "props": Object {
          "height": "19.46",
          "rx": "0",
          "ry": "0",
          "width": "20.85",
          "x": "15.03",
          "y": "137.61",
        },
        "ref": null,
        "rendered": null,
        "type": "rect",
      },
      Object {
        "instance": null,
        "key": undefined,
        "nodeType": "host",
        "props": Object {
          "height": "17",
          "rx": "0",
          "ry": "0",
          "width": "63",
          "x": "46.03",
          "y": "139.61",
        },
        "ref": null,
        "rendered": null,
        "type": "rect",
      },
      Object {
        "instance": null,
        "key": undefined,
        "nodeType": "host",
        "props": Object {
          "height": "8",
          "rx": "0",
          "ry": "0",
          "width": "357",
          "x": "26.03",
          "y": "194.61",
        },
        "ref": null,
        "rendered": null,
        "type": "rect",
      },
      Object {
        "instance": null,
        "key": undefined,
        "nodeType": "host",
        "props": Object {
          "height": "7",
          "rx": "0",
          "ry": "0",
          "width": "356",
          "x": "26.03",
          "y": "212.61",
        },
        "ref": null,
        "rendered": null,
        "type": "rect",
      },
      Object {
        "instance": null,
        "key": undefined,
        "nodeType": "host",
        "props": Object {
          "height": "8",
          "rx": "0",
          "ry": "0",
          "width": "356",
          "x": "27.03",
          "y": "231.61",
        },
        "ref": null,
        "rendered": null,
        "type": "rect",
      },
      Object {
        "instance": null,
        "key": undefined,
        "nodeType": "host",
        "props": Object {
          "height": "109",
          "rx": "0",
          "ry": "0",
          "width": "356",
          "x": "26.03",
          "y": "257.61",
        },
        "ref": null,
        "rendered": null,
        "type": "rect",
      },
      Object {
        "instance": null,
        "key": undefined,
        "nodeType": "host",
        "props": Object {
          "height": "4",
          "rx": "0",
          "ry": "0",
          "width": "348",
          "x": "28.03",
          "y": "379.61",
        },
        "ref": null,
        "rendered": null,
        "type": "rect",
      },
      Object {
        "instance": null,
        "key": undefined,
        "nodeType": "host",
        "props": Object {
          "height": "7",
          "rx": "0",
          "ry": "0",
          "width": "351",
          "x": "27.03",
          "y": "395.61",
        },
        "ref": null,
        "rendered": null,
        "type": "rect",
      },
      Object {
        "instance": null,
        "key": undefined,
        "nodeType": "host",
        "props": Object {
          "height": "6",
          "rx": "0",
          "ry": "0",
          "width": "349",
          "x": "28.03",
          "y": "415.61",
        },
        "ref": null,
        "rendered": null,
        "type": "rect",
      },
      Object {
        "instance": null,
        "key": undefined,
        "nodeType": "host",
        "props": Object {
          "height": "6",
          "rx": "0",
          "ry": "0",
          "width": "348",
          "x": "27.03",
          "y": "435.61",
        },
        "ref": null,
        "rendered": null,
        "type": "rect",
      },
      Object {
        "instance": null,
        "key": undefined,
        "nodeType": "host",
        "props": Object {
          "height": "6",
          "rx": "0",
          "ry": "0",
          "width": "349",
          "x": "27.03",
          "y": "455.61",
        },
        "ref": null,
        "rendered": null,
        "type": "rect",
      },
      Object {
        "instance": null,
        "key": undefined,
        "nodeType": "host",
        "props": Object {
          "height": "6",
          "rx": "0",
          "ry": "0",
          "width": "347",
          "x": "27.03",
          "y": "476.61",
        },
        "ref": null,
        "rendered": null,
        "type": "rect",
      },
    ],
    "type": [Function],
  },
  Symbol(enzyme.__nodes__): Array [
    Object {
      "instance": null,
      "key": undefined,
      "nodeType": "function",
      "props": Object {
        "children": Array [
          <rect
            height="120"
            rx="0"
            ry="0"
            width="190"
            x="196.03"
            y="33.61"
          />,
          <rect
            height="11"
            rx="0"
            ry="0"
            width="163"
            x="7.03"
            y="36.61"
          />,
          <rect
            height="11"
            rx="0"
            ry="0"
            width="160"
            x="9.03"
            y="54.61"
          />,
          <rect
            height="6"
            rx="0"
            ry="0"
            width="72"
            x="9.03"
            y="76.61"
          />,
          <circle
            cx="22.82"
            cy="110.4"
            r="13.79"
          />,
          <rect
            height="4"
            rx="0"
            ry="0"
            width="31"
            x="43.03"
            y="100.61"
          />,
          <rect
            height="4"
            rx="0"
            ry="0"
            width="21"
            x="44.03"
            y="107.61"
          />,
          <rect
            height="19.46"
            rx="0"
            ry="0"
            width="20.85"
            x="15.03"
            y="137.61"
          />,
          <rect
            height="17"
            rx="0"
            ry="0"
            width="63"
            x="46.03"
            y="139.61"
          />,
          <rect
            height="8"
            rx="0"
            ry="0"
            width="357"
            x="26.03"
            y="194.61"
          />,
          <rect
            height="7"
            rx="0"
            ry="0"
            width="356"
            x="26.03"
            y="212.61"
          />,
          <rect
            height="8"
            rx="0"
            ry="0"
            width="356"
            x="27.03"
            y="231.61"
          />,
          <rect
            height="109"
            rx="0"
            ry="0"
            width="356"
            x="26.03"
            y="257.61"
          />,
          <rect
            height="4"
            rx="0"
            ry="0"
            width="348"
            x="28.03"
            y="379.61"
          />,
          <rect
            height="7"
            rx="0"
            ry="0"
            width="351"
            x="27.03"
            y="395.61"
          />,
          <rect
            height="6"
            rx="0"
            ry="0"
            width="349"
            x="28.03"
            y="415.61"
          />,
          <rect
            height="6"
            rx="0"
            ry="0"
            width="348"
            x="27.03"
            y="435.61"
          />,
          <rect
            height="6"
            rx="0"
            ry="0"
            width="349"
            x="27.03"
            y="455.61"
          />,
          <rect
            height="6"
            rx="0"
            ry="0"
            width="347"
            x="27.03"
            y="476.61"
          />,
        ],
        "height": 500,
        "primaryColor": "#cccccc",
        "rtl": true,
        "secondaryColor": "#ecebeb",
        "speed": 3,
        "width": 400,
      },
      "ref": null,
      "rendered": Array [
        Object {
          "instance": null,
          "key": undefined,
          "nodeType": "host",
          "props": Object {
            "height": "120",
            "rx": "0",
            "ry": "0",
            "width": "190",
            "x": "196.03",
            "y": "33.61",
          },
          "ref": null,
          "rendered": null,
          "type": "rect",
        },
        Object {
          "instance": null,
          "key": undefined,
          "nodeType": "host",
          "props": Object {
            "height": "11",
            "rx": "0",
            "ry": "0",
            "width": "163",
            "x": "7.03",
            "y": "36.61",
          },
          "ref": null,
          "rendered": null,
          "type": "rect",
        },
        Object {
          "instance": null,
          "key": undefined,
          "nodeType": "host",
          "props": Object {
            "height": "11",
            "rx": "0",
            "ry": "0",
            "width": "160",
            "x": "9.03",
            "y": "54.61",
          },
          "ref": null,
          "rendered": null,
          "type": "rect",
        },
        Object {
          "instance": null,
          "key": undefined,
          "nodeType": "host",
          "props": Object {
            "height": "6",
            "rx": "0",
            "ry": "0",
            "width": "72",
            "x": "9.03",
            "y": "76.61",
          },
          "ref": null,
          "rendered": null,
          "type": "rect",
        },
        Object {
          "instance": null,
          "key": undefined,
          "nodeType": "host",
          "props": Object {
            "cx": "22.82",
            "cy": "110.4",
            "r": "13.79",
          },
          "ref": null,
          "rendered": null,
          "type": "circle",
        },
        Object {
          "instance": null,
          "key": undefined,
          "nodeType": "host",
          "props": Object {
            "height": "4",
            "rx": "0",
            "ry": "0",
            "width": "31",
            "x": "43.03",
            "y": "100.61",
          },
          "ref": null,
          "rendered": null,
          "type": "rect",
        },
        Object {
          "instance": null,
          "key": undefined,
          "nodeType": "host",
          "props": Object {
            "height": "4",
            "rx": "0",
            "ry": "0",
            "width": "21",
            "x": "44.03",
            "y": "107.61",
          },
          "ref": null,
          "rendered": null,
          "type": "rect",
        },
        Object {
          "instance": null,
          "key": undefined,
          "nodeType": "host",
          "props": Object {
            "height": "19.46",
            "rx": "0",
            "ry": "0",
            "width": "20.85",
            "x": "15.03",
            "y": "137.61",
          },
          "ref": null,
          "rendered": null,
          "type": "rect",
        },
        Object {
          "instance": null,
          "key": undefined,
          "nodeType": "host",
          "props": Object {
            "height": "17",
            "rx": "0",
            "ry": "0",
            "width": "63",
            "x": "46.03",
            "y": "139.61",
          },
          "ref": null,
          "rendered": null,
          "type": "rect",
        },
        Object {
          "instance": null,
          "key": undefined,
          "nodeType": "host",
          "props": Object {
            "height": "8",
            "rx": "0",
            "ry": "0",
            "width": "357",
            "x": "26.03",
            "y": "194.61",
          },
          "ref": null,
          "rendered": null,
          "type": "rect",
        },
        Object {
          "instance": null,
          "key": undefined,
          "nodeType": "host",
          "props": Object {
            "height": "7",
            "rx": "0",
            "ry": "0",
            "width": "356",
            "x": "26.03",
            "y": "212.61",
          },
          "ref": null,
          "rendered": null,
          "type": "rect",
        },
        Object {
          "instance": null,
          "key": undefined,
          "nodeType": "host",
          "props": Object {
            "height": "8",
            "rx": "0",
            "ry": "0",
            "width": "356",
            "x": "27.03",
            "y": "231.61",
          },
          "ref": null,
          "rendered": null,
          "type": "rect",
        },
        Object {
          "instance": null,
          "key": undefined,
          "nodeType": "host",
          "props": Object {
            "height": "109",
            "rx": "0",
            "ry": "0",
            "width": "356",
            "x": "26.03",
            "y": "257.61",
          },
          "ref": null,
          "rendered": null,
          "type": "rect",
        },
        Object {
          "instance": null,
          "key": undefined,
          "nodeType": "host",
          "props": Object {
            "height": "4",
            "rx": "0",
            "ry": "0",
            "width": "348",
            "x": "28.03",
            "y": "379.61",
          },
          "ref": null,
          "rendered": null,
          "type": "rect",
        },
        Object {
          "instance": null,
          "key": undefined,
          "nodeType": "host",
          "props": Object {
            "height": "7",
            "rx": "0",
            "ry": "0",
            "width": "351",
            "x": "27.03",
            "y": "395.61",
          },
          "ref": null,
          "rendered": null,
          "type": "rect",
        },
        Object {
          "instance": null,
          "key": undefined,
          "nodeType": "host",
          "props": Object {
            "height": "6",
            "rx": "0",
            "ry": "0",
            "width": "349",
            "x": "28.03",
            "y": "415.61",
          },
          "ref": null,
          "rendered": null,
          "type": "rect",
        },
        Object {
          "instance": null,
          "key": undefined,
          "nodeType": "host",
          "props": Object {
            "height": "6",
            "rx": "0",
            "ry": "0",
            "width": "348",
            "x": "27.03",
            "y": "435.61",
          },
          "ref": null,
          "rendered": null,
          "type": "rect",
        },
        Object {
          "instance": null,
          "key": undefined,
          "nodeType": "host",
          "props": Object {
            "height": "6",
            "rx": "0",
            "ry": "0",
            "width": "349",
            "x": "27.03",
            "y": "455.61",
          },
          "ref": null,
          "rendered": null,
          "type": "rect",
        },
        Object {
          "instance": null,
          "key": undefined,
          "nodeType": "host",
          "props": Object {
            "height": "6",
            "rx": "0",
            "ry": "0",
            "width": "347",
            "x": "27.03",
            "y": "476.61",
          },
          "ref": null,
          "rendered": null,
          "type": "rect",
        },
      ],
      "type": [Function],
    },
  ],
  Symbol(enzyme.__options__): Object {
    "adapter": ReactSixteenAdapter {
      "options": Object {
        "enableComponentDidUpdateOnSetState": true,
        "lifecycles": Object {
          "componentDidUpdate": Object {
            "onSetState": true,
          },
          "getDerivedStateFromProps": true,
          "getSnapshotBeforeUpdate": true,
          "setState": Object {
            "skipsComponentDidUpdateOnNullish": true,
          },
        },
      },
    },
  },
}
`;
