// Jest Snapshot v1, https://goo.gl/fbAQLP

exports[`<MenuItem/> component Should render a <MenuItem/> correctly 1`] = `
ShallowWrapper {
  Symbol(enzyme.__root__): [Circular],
  Symbol(enzyme.__unrendered__): <MenuItem
    dropDown=""
    icon=""
    iconImage={null}
    link="#"
  />,
  Symbol(enzyme.__renderer__): Object {
    "batchedUpdates": [Function],
    "getNode": [Function],
    "render": [Function],
    "simulateError": [Function],
    "simulateEvent": [Function],
    "unmount": [Function],
  },
  Symbol(enzyme.__node__): Object {
    "instance": null,
    "key": undefined,
    "nodeType": "host",
    "props": Object {
      "children": Array [
        <a
          className=""
          data-target={null}
          href="#"
        >
          <i
            className="material-icons black-text"
          >
            
          </i>
        </a>,
        "",
      ],
      "className": "menu-item",
    },
    "ref": null,
    "rendered": Array [
      Object {
        "instance": null,
        "key": undefined,
        "nodeType": "host",
        "props": Object {
          "children": <i
            className="material-icons black-text"
          >
            
          </i>,
          "className": "",
          "data-target": null,
          "href": "#",
        },
        "ref": null,
        "rendered": Object {
          "instance": null,
          "key": undefined,
          "nodeType": "host",
          "props": Object {
            "children": "",
            "className": "material-icons black-text",
          },
          "ref": null,
          "rendered": "",
          "type": "i",
        },
        "type": "a",
      },
      "",
    ],
    "type": "li",
  },
  Symbol(enzyme.__nodes__): Array [
    Object {
      "instance": null,
      "key": undefined,
      "nodeType": "host",
      "props": Object {
        "children": Array [
          <a
            className=""
            data-target={null}
            href="#"
          >
            <i
              className="material-icons black-text"
            >
              
            </i>
          </a>,
          "",
        ],
        "className": "menu-item",
      },
      "ref": null,
      "rendered": Array [
        Object {
          "instance": null,
          "key": undefined,
          "nodeType": "host",
          "props": Object {
            "children": <i
              className="material-icons black-text"
            >
              
            </i>,
            "className": "",
            "data-target": null,
            "href": "#",
          },
          "ref": null,
          "rendered": Object {
            "instance": null,
            "key": undefined,
            "nodeType": "host",
            "props": Object {
              "children": "",
              "className": "material-icons black-text",
            },
            "ref": null,
            "rendered": "",
            "type": "i",
          },
          "type": "a",
        },
        "",
      ],
      "type": "li",
    },
  ],
  Symbol(enzyme.__options__): Object {
    "adapter": ReactSixteenAdapter {
      "options": Object {
        "enableComponentDidUpdateOnSetState": true,
        "lifecycles": Object {
          "componentDidUpdate": Object {
            "onSetState": true,
          },
          "getDerivedStateFromProps": true,
          "getSnapshotBeforeUpdate": true,
          "setState": Object {
            "skipsComponentDidUpdateOnNullish": true,
          },
        },
      },
    },
  },
}
`;
